Testing Prisma connection...
node : Prisma test 
failed: PrismaClientInit
ializationError: 
No linha:1 caractere:1
+ node test-prisma.cjs 
> test_output.txt 2>&1
+ ~~~~~~~~~~~~~~~~~~~~~~
~~~~~~~~~~~~~~~~~~~~~
    + CategoryInfo      
        : NotSpecified: 
(Pri    sma test 
fai...lizatio    
nError: :String) [], R  
  emoteException
    + 
FullyQualifiedErrorI    
d : NativeCommandError
 
Invalid 
`prisma.member.count()` 
invocation in
D:\crossfit gym\frontend
\test-prisma.cjs:7:39

  4 async function 
main() {
  5   try {
  6     
console.log('Testing 
Prisma connection...');
ΓåÆ 7     const count = 
await 
prisma.member.count(
Can't reach database 
server at `aws-0-sa-east
-1.pooler.supabase.com:6
543`

Please make sure your 
database server is 
running at `aws-0-sa-eas
t-1.pooler.supabase.com:
6543`.
    at 
$n.handleRequestError 
(D:\crossfit gym\node_mo
dules\@prisma\client\run
time\library.js:121:7615
)
    at $n.handleAndLogRe
questError (D:\crossfit 
gym\node_modules\@prisma
\client\runtime\library.
js:121:6623)
    at $n.request 
(D:\crossfit gym\node_mo
dules\@prisma\client\run
time\library.js:121:6307
)
    at async l 
(D:\crossfit gym\node_mo
dules\@prisma\client\run
time\library.js:130:9633
)
    at async main 
(D:\crossfit gym\fronten
d\test-prisma.cjs:7:19) 
{
  clientVersion: 
'5.22.0',
  errorCode: undefined
}
